2026-10-05 18:25 UTC  auto: gold 4163.80 | holding flat stand_aside 03b588d4 | new read flat stand_aside not opened
2026-10-05 18:27 UTC  auto: gold 4163.90 | holding flat stand_aside 03b588d4 | new read flat stand_aside not opened
2026-10-05 18:42 UTC  auto failed:
Traceback (most recent call last):
  File "C:\Users\91951\Desktop\tBOT\main.py", line 76, in run_auto
    result = run_live(settings, keep_running_plan=True, scheduled=True)
             ^^^^^^^^^^^^^^^^^^^^^^^^^^^^^^^^^^^^^^^^^^^^^^^^^^^^^^^^^^
  File "C:\Users\91951\Desktop\tBOT\tbot\runner.py", line 59, in run_live
    return _run(settings, now, keep_running_plan=keep_running_plan, scheduled=scheduled)
           ^^^^^^^^^^^^^^^^^^^^^^^^^^^^^^^^^^^^^^^^^^^^^^^^^^^^^^^^^^^^^^^^^^^^^^^^^^^^^
  File "C:\Users\91951\Desktop\tBOT\tbot\runner.py", line 68, in _run
    calendar = load_calendar(settings.calendar_cache, settings.calendar_refresh_minutes, now)
               ^^^^^^^^^^^^^
NameError: name 'load_calendar' is not defined

2026-10-05 18:44 UTC  auto: gold 4163.90 | holding flat stand_aside 03b588d4 | new read flat stand_aside not opened | mt5: Not connected: MetaTrader 5 did not connect: (-10003, 'IPC initialize failed, MetaTrader 5 x64 not found'). Open MT5 and log in to the demo account.
2026-10-05 18:53 UTC  manual: gold 4165.10 | holding flat stand_aside 03b588d4 | new read flat stand_aside not opened | broker: Bot exposure: none
2026-10-05 18:57 UTC  auto: gold 4167.00 | holding flat stand_aside 03b588d4 | new read flat stand_aside not opened | broker: Bot exposure: none
2026-10-05 19:04 UTC  auto: gold 4168.90 | holding flat stand_aside 03b588d4 | new read flat stand_aside not opened | broker: Bot exposure: none
2026-10-05 19:19 UTC  auto: gold 4167.40 | holding flat stand_aside 03b588d4 | new read flat stand_aside not opened
2026-10-05 19:28 UTC  manual: gold 4141.46 | graded: 03b588d4 stand aside -> loss (-1.00R) | opened stand aside c5413331
2026-10-05 19:36 UTC  manual: gold 4142.48 | holding flat stand_aside c5413331 | new read flat stand_aside not opened
2026-10-05 20:19 UTC  manual: gold 4139.00 | opened long oil_shock b5bc5950 zone 4123.22-4127.12 stop 4122.12 target 4137.38 units 1 risk 5.00 USD tier normal conf 0.58
2026-10-05 20:20 UTC  manual: gold 4138.74 | holding long oil_shock b5bc5950 | new read long oil_shock not opened
